// Jest Snapshot v1, https://goo.gl/fbAQLP

exports[`Time-Series component Renders Time-Series component 1`] = `
<TimeSeries
  isUniColor={true}
  layoutConfig={
    Object {
      "colorway": Array [
        "#8C55A3",
      ],
      "height": 220,
      "margin": Object {
        "b": 15,
        "l": 60,
        "pad": 0,
        "r": 10,
        "t": 30,
      },
      "showlegend": true,
    }
  }
  name="Time series"
  visualizations={
    Object {
      "data": Object {
        "count()": Array [
          2549,
          9337,
          1173,
        ],
        "defaultAxes": Object {
          "xaxis": Array [
            Object {
              "name": "new_timestamp",
              "type": "timestamp",
            },
          ],
          "yaxis": Array [
            Object {
              "name": "avg(AvgTicketPrice)",
              "type": "double",
            },
          ],
        },
        "rawVizData": Object {
          "data": Object {
            "avg(AvgTicketPrice)": Array [
              574.6643260854536,
              575.7916175023022,
              599.2321691707689,
              594.5192950694553,
            ],
            "new_timestamp": Array [
              "2022-04-04 00:00:00",
              "2022-04-05 00:00:00",
              "2022-04-06 00:00:00",
              "2022-04-07 00:00:00",
            ],
          },
          "metadata": Object {
            "fields": Array [
              Object {
                "name": "avg(AvgTicketPrice)",
                "type": "double",
              },
              Object {
                "name": "new_timestamp",
                "type": "timestamp",
              },
            ],
          },
        },
        "span(timestamp,1M)": Array [
          "2021-05-01 00:00:00",
          "2021-06-01 00:00:00",
          "2021-07-01 00:00:00",
        ],
        "userConfigs": Object {
          "dataConfig": Object {},
          "layoutConfig": Object {},
        },
      },
      "jsonData": Array [
        Object {
          "count()": 2549,
          "span(timestamp,1M)": "2021-05-01 00:00:00",
        },
        Object {
          "count()": 9337,
          "span(timestamp,1M)": "2021-06-01 00:00:00",
        },
        Object {
          "count()": 2549,
          "span(timestamp,1M)": "2021-07-01 00:00:00",
        },
      ],
      "metadata": Object {
        "fields": Array [
          Object {
            "name": "count()",
            "type": "integer",
          },
          Object {
            "name": "span(timestamp,1M)",
            "type": "timestamp",
          },
        ],
      },
      "vis": Object {
        "category": "Visualizations",
        "categoryAxis": "xaxis",
        "editorConfig": Object {
          "panelTabs": Array [
            Object {
              "id": "data-panel",
              "mapTo": "dataConfig",
              "name": "Data",
              "sections": Array [
                Object {
                  "id": "value_options",
                  "mapTo": "valueOptions",
                  "name": "Value options",
                  "schemas": Array [
                    Object {
                      "component": null,
                      "isSingleSelection": false,
                      "mapTo": "xaxis",
                      "name": "X-axis",
                    },
                    Object {
                      "component": null,
                      "isSingleSelection": false,
                      "mapTo": "yaxis",
                      "name": "Y-axis",
                    },
                  ],
                },
                Object {
                  "id": "chart_options",
                  "mapTo": "chartOptions",
                  "name": "Chart options",
                  "schemas": Array [
                    Object {
                      "component": null,
                      "isSingleSelection": true,
                      "mapTo": "orientation",
                      "name": "Orientation",
                      "props": Object {
                        "defaultSelections": Array [
                          Object {
                            "name": "Vertical",
                            "orientationId": "v",
                          },
                        ],
                        "dropdownList": Array [
                          Object {
                            "name": "Vertical",
                            "orientationId": "v",
                          },
                          Object {
                            "name": "Horizontal",
                            "orientationId": "h",
                          },
                        ],
                      },
                    },
                    Object {
                      "component": null,
                      "isSingleSelection": true,
                      "mapTo": "mode",
                      "name": "Mode",
                      "props": Object {
                        "defaultSelections": Array [
                          Object {
                            "modeId": "group",
                            "name": "Group",
                          },
                        ],
                        "dropdownList": Array [
                          Object {
                            "modeId": "group",
                            "name": "Group",
                          },
                          Object {
                            "modeId": "stack",
                            "name": "Stack",
                          },
                        ],
                      },
                    },
                  ],
                },
              ],
            },
            Object {
              "content": Array [],
              "id": "style-panel",
              "mapTo": "layoutConfig",
              "name": "Layout",
            },
          ],
        },
        "fullLabel": "Time Series",
        "iconType": "visBarVerticalStacked",
        "id": "time_series",
        "label": "Time Series",
        "name": "time_series",
        "orientation": "v",
        "selection": Object {
          "dataLoss": "nothing",
        },
        "seriesAxis": "yaxis",
        "type": "scatter",
        "visConfig": Object {
          "config": Object {
            "displaylogo": false,
            "responsive": true,
          },
          "isUniColor": false,
          "layout": Object {
            "height": 500,
            "legend": Object {
              "orientation": "v",
              "traceorder": "normal",
            },
            "margin": Object {
              "b": 30,
              "l": 60,
              "pad": 0,
              "r": 30,
              "t": 50,
            },
            "showlegend": true,
          },
        },
      },
    }
  }
>
  <Plt
    config={Object {}}
    data={
      Array [
        Object {
          "mode": "line",
          "name": "avg(AvgTicketPrice)",
          "type": "scatter",
          "x": Array [
            "2022-04-04 00:00:00",
            "2022-04-05 00:00:00",
            "2022-04-06 00:00:00",
            "2022-04-07 00:00:00",
          ],
          "y": Array [
            574.6643260854536,
            575.7916175023022,
            599.2321691707689,
            594.5192950694553,
          ],
        },
      ]
    }
    layout={
      Object {
        "title": "",
      }
    }
  >
    <PlotlyComponent
      config={
        Object {
          "displayModeBar": false,
        }
      }
      data={
        Array [
          Object {
            "mode": "line",
            "name": "avg(AvgTicketPrice)",
            "type": "scatter",
            "x": Array [
              "2022-04-04 00:00:00",
              "2022-04-05 00:00:00",
              "2022-04-06 00:00:00",
              "2022-04-07 00:00:00",
            ],
            "y": Array [
              574.6643260854536,
              575.7916175023022,
              599.2321691707689,
              594.5192950694553,
            ],
          },
        ]
      }
      debug={false}
      layout={
        Object {
          "autosize": true,
          "barmode": "stack",
          "hovermode": "closest",
          "legend": Object {
            "orientation": "h",
            "traceorder": "normal",
          },
          "margin": Object {
            "b": 30,
            "l": 30,
            "pad": 4,
            "r": 5,
            "t": 5,
          },
          "showlegend": false,
          "title": "",
          "xaxis": Object {
            "automargin": true,
            "rangemode": "normal",
            "showgrid": true,
            "zeroline": false,
          },
          "yaxis": Object {
            "rangemode": "normal",
            "showgrid": true,
            "zeroline": false,
          },
        }
      }
      style={
        Object {
          "height": "100%",
          "width": "100%",
        }
      }
      useResizeHandler={true}
    >
      <div
        style={
          Object {
            "height": "100%",
            "width": "100%",
          }
        }
      />
    </PlotlyComponent>
  </Plt>
</TimeSeries>
`;
